../Core/Src/main.c:24:5:main	16	static
../Core/Src/main.c:73:6:SystemClock_Config	88	static
../Core/Src/main.c:103:13:MX_TIM2_Init	48	static
../Core/Src/main.c:135:13:MX_USART2_UART_Init	8	static
../Core/Src/main.c:151:13:MX_GPIO_Init	32	static
../Core/Src/main.c:166:6:HAL_UART_RxCpltCallback	16	static
../Core/Src/main.c:174:6:PlayNote1	24	static
../Core/Src/main.c:181:6:PlayNote2	24	static
../Core/Src/main.c:188:6:StopNote	8	static
../Core/Src/main.c:192:6:Error_Handler	4	static,ignoring_inline_asm
